// Jest Snapshot v1, https://goo.gl/fbAQLP

exports[`ForgotPasswordScreen should match snapshot 1`] = `
<View
  style={
    Object {
      "marginTop": 20,
    }
  }
>
  <ScrollViewMock>
    <TextElement
      h4={true}
      style={
        Object {
          "color": "#050505",
          "fontWeight": "bold",
          "marginBottom": 20,
          "textAlign": "center",
        }
      }
    >
      שכחתי סיסמא
    </TextElement>
    <View
      style={
        Object {
          "flex": 1,
          "flexDirection": "row",
          "justifyContent": "space-between",
        }
      }
    >
      <FormLabel
        labelStyle={
          Object {
            "fontSize": 16,
          }
        }
      >
        *ת.ז.
      </FormLabel>
      <TextInput
        allowFontScaling={true}
        keyboardType="number-pad"
        onChangeText={[Function]}
        onFocus={[Function]}
        rejectResponderTermination={true}
        style={
          Object {
            "backgroundColor": "#FFF",
            "fontSize": 16,
            "height": 50,
            "marginLeft": 20,
            "marginRight": 20,
            "width": 200,
          }
        }
        underlineColorAndroid="#4aba91"
      />
    </View>
    <View
      style={
        Object {
          "flex": 1,
          "flexDirection": "row",
          "justifyContent": "space-between",
        }
      }
    >
      <FormLabel
        labelStyle={
          Object {
            "fontSize": 16,
          }
        }
      >
        *אימייל
      </FormLabel>
      <TextInput
        allowFontScaling={true}
        autoComplete="email"
        keyboardType="email-address"
        onChangeText={[Function]}
        onFocus={[Function]}
        rejectResponderTermination={true}
        style={
          Object {
            "backgroundColor": "#FFF",
            "fontSize": 16,
            "height": 50,
            "marginLeft": 20,
            "marginRight": 20,
            "width": 200,
          }
        }
        textContentType="emailAddress"
        underlineColorAndroid="#4aba91"
      />
    </View>
    <View
      style={
        Object {
          "flex": 1,
          "flexDirection": "row",
          "justifyContent": "space-between",
        }
      }
    >
      <FormLabel
        labelStyle={
          Object {
            "fontSize": 16,
          }
        }
      >
         תיבת דואר
      </FormLabel>
      <TextInput
        allowFontScaling={true}
        keyboardType="number-pad"
        onChangeText={[Function]}
        onFocus={[Function]}
        rejectResponderTermination={true}
        style={
          Object {
            "backgroundColor": "#FFF",
            "fontSize": 16,
            "height": 50,
            "marginLeft": 20,
            "marginRight": 20,
            "width": 200,
          }
        }
        underlineColorAndroid="#4aba91"
        value=""
      />
    </View>
    <View
      style={
        Object {
          "flex": 1,
          "flexDirection": "row",
          "justifyContent": "space-between",
        }
      }
    >
      <FormLabel
        labelStyle={
          Object {
            "fontSize": 16,
          }
        }
      >
        פלאפון
      </FormLabel>
      <TextInput
        allowFontScaling={true}
        autoComplete="tel"
        keyboardType="phone-pad"
        onChangeText={[Function]}
        onFocus={[Function]}
        rejectResponderTermination={true}
        style={
          Object {
            "backgroundColor": "#FFF",
            "fontSize": 16,
            "height": 50,
            "marginLeft": 20,
            "marginRight": 20,
            "width": 200,
          }
        }
        textContentType="telephoneNumber"
        underlineColorAndroid="#4aba91"
      />
    </View>
    <View
      style={
        Object {
          "flex": 1,
          "flexDirection": "row",
          "justifyContent": "space-between",
        }
      }
    >
      <FormLabel
        labelStyle={
          Object {
            "fontSize": 16,
          }
        }
      >
         טלפון
      </FormLabel>
      <TextInput
        allowFontScaling={true}
        autoComplete="tel"
        keyboardType="phone-pad"
        onChangeText={[Function]}
        onFocus={[Function]}
        rejectResponderTermination={true}
        style={
          Object {
            "backgroundColor": "#FFF",
            "fontSize": 16,
            "height": 50,
            "marginLeft": 20,
            "marginRight": 20,
            "width": 200,
          }
        }
        textContentType="telephoneNumber"
        underlineColorAndroid="#4aba91"
      />
    </View>
    <View
      style={
        Object {
          "flex": 1,
          "flexDirection": "row",
          "justifyContent": "flex-start",
        }
      }
    >
      <FormLabel
        labelStyle={
          Object {
            "fontSize": 16,
          }
        }
      >
         תאריך לידה
      </FormLabel>
      <TextInput
        allowFontScaling={true}
        onFocus={[Function]}
        rejectResponderTermination={true}
        style={
          Object {
            "backgroundColor": "#FFF",
            "fontSize": 16,
            "height": 50,
            "marginLeft": 20,
            "marginRight": 20,
            "width": 200,
          }
        }
        underlineColorAndroid="#4aba91"
        value=""
      />
      <CustomDatePickerIOS
        cancelTextIOS="Cancel"
        confirmTextIOS="Confirm"
        date={2019-06-02T13:24:05.260Z}
        datePickerModeAndroid="spinner"
        is24Hour={true}
        isVisible={false}
        mode="date"
        neverDisableConfirmIOS={false}
        onCancel={[Function]}
        onConfirm={[Function]}
        onDateChange={[Function]}
        onHideAfterConfirm={[Function]}
        reactNativeModalPropsIOS={Object {}}
        title="תאריך לידה"
        titleIOS="Pick a date"
      />
    </View>
    <FormValidationMessage />
    <View
      style={
        Object {
          "marginTop": 20,
        }
      }
    >
      <Button
        label="שחזר סיסמא"
        onPress={[Function]}
      />
      <Button
        label="חזור"
        onPress={[Function]}
      />
    </View>
  </ScrollViewMock>
</View>
`;
